19 88
32 97
18 77
32 96
46 99
2 73
6 78
29 97
1 58
34 93
46 100
39 96
1 68
19 82
24 94
24 93
7 75
28 94
29 93
1 62
20 79
5 68
1 66
24 96
28 100
16 88
1 71
22 85
24 89
11 75
29 89
10 87
1 68
9 69
1 67
11 76
31 87
36 100
19 90
3 68
3 63
13 81
9 82
34 94
3 66
7 74
9 76
1 60
7 71
4 61
4 63
30 91
33 92
30 100
27 94
12 63
31 100
35 98
5 65
26 82
36 98
23 94
11 71
9 74
19 96
29 87
3 63
12 82
2 70
14 70
3 79
26 91
4 63
11 70
33 100
34 100
1 72
22 85
33 99
35 100
3 79
1 69
1 63
3 72
36 99
16 84
2 68
1 72
36 97
13 78
11 82
27 97
36 100
16 81
35 91
26 81
1 55
34 95
6 63
1 62